Hi! My name is Scruffy!
Scruffy
Hi! My name is Fido!
Fido
Bull terrier
