[1, 2, 3, 4, 5]
[1, 2, 3, 4, 5, 10]
6
[2, 3, 4, 5, 10]
5
[2, 600, 3, 4, 5, 10]
6
[2, 600, 4, 5, 10]
5
true
false
600
[2, 600, -50, 5, 10]
[2, 600, -50, 105, 10]
[[1, 2, 3], [4, 5, 6], [7, 8, 9]]
3
[[1, 2, 1003], [4, 5, 6], [7, 8, 9]]
1003
